version https://git-lfs.github.com/spec/v1
oid sha256:5d73767870e1329c0b061d82cbcf003ac0b3a828e8f9fc2f85009e51d1b7ffbc
size 291860480
